$ a b c d e f g h i l m n o p r s t u v w 
h n s w a e o $ i $ a d e n r s v e f r o e f l s i $ p c t m p r u e p u $ a e m s $ e h i s t a e o n t e e 
o c t s e n $ m u f h w $ d c $ a e s i e r e a p r n f i t e u e e p p m s n r e t n s n s $ e $ a v o l s $ h a o n r r t e r e 
r e e $ h e t p n f o e $ e n n e l s r e r s p s c e e a n t $ r u e $ e t $ s r e c s c i $ v h w e p i t o n r c $ m e r a d 
s $ r o d e u t e r e $ c c v i t a n e s e e e r n n c e $ t r $ e e $ r e $ h e l s e o e r p e a p c m e $ r $ n $ 
e $ p $ r t e r s d e e e e a n c n $ h r $ $ e c c e r e $ r v $ $ o $ i t r r e a e n n p e $ $ $ c 
$ p $ e r e e $ $ $ r n n c e c o $ n e e $ $ r $ e p e a a s d n r c c e $ e 
e r $ n $ a c c e $ e p c $ $ $ r p n n n e $ c $ e e r $ 
r $ c n e e $ $ p e a e c c c $ e $ $ $ 
$ e c $ $ e $ n r e e e $ 
$ e r c $ $ $ $ 
$ $ e 
$ 
